herdr-forward · Port Forward   刷新 3s · r 立即刷新 · x 退出
──────────────────────────────────────────────────────────────
FORWARDS (2)
  #  LOCAL         REMOTE                 STATUS    NOTE
  1  3000          127.0.0.1:9443         up        pid 12345
  2  5173          127.0.0.1:5173         up        pid 23456
[2m  d+序号 删除映射[0m
──────────────────────────────────────────────────────────────
按键: 1-9 选择机器（激活前会确认） · d+序号 删除映射 · r 刷新 · a 添加转发用法 · x 退出
